// Jest Snapshot v1, https://goo.gl/fbAQLP

exports[`Card Component renders correctly 1`] = `
<View
  style={
    Array [
      Object {
        "alignContent": "center",
        "flexDirection": "row",
        "flexWrap": "wrap",
      },
      Object {
        "width": "100%",
      },
    ]
  }
>
  <View
    accessible={true}
    focusable={false}
    onClick={[Function]}
    onResponderGrant={[Function]}
    onResponderMove={[Function]}
    onResponderRelease={[Function]}
    onResponderTerminate={[Function]}
    onResponderTerminationRequest={[Function]}
    onStartShouldSetResponder={[Function]}
    style={
      Object {
        "backgroundColor": "#00000066",
        "flexDirection": "row",
        "height": 133,
        "opacity": 1,
        "overflow": "hidden",
        "paddingVertical": 10,
        "width": "100%",
      }
    }
  >
    <View
      style={
        Object {
          "alignItems": "center",
          "height": 120,
          "justifyContent": "center",
          "width": 120,
        }
      }
    >
      <View
        style={
          Object {
            "alignItems": "center",
            "justifyContent": "center",
          }
        }
      >
        <View
          style={
            Array [
              Object {
                "borderRadius": 5000,
                "padding": 3,
              },
              Object {
                "backgroundColor": "#333D46",
              },
            ]
          }
        >
          <View
            style={
              Array [
                Object {
                  "alignItems": "center",
                  "justifyContent": "center",
                },
                Object {
                  "backgroundColor": "#748b9f",
                  "borderRadius": 40,
                  "height": 80,
                  "width": 80,
                },
              ]
            }
          >
            <View
              style={
                Array [
                  Object {
                    "zIndex": 1,
                  },
                  Object {
                    "left": 0,
                    "position": "absolute",
                    "top": 0,
                  },
                  Object {
                    "height": 80,
                    "width": 40,
                  },
                ]
              }
            >
              <View
                style={
                  Object {
                    "backgroundColor": "#B6D345",
                    "borderBottomRightRadius": 0,
                    "borderRadius": 40,
                    "borderTopRightRadius": 0,
                    "height": 80,
                    "left": 0,
                    "overflow": "hidden",
                    "position": "absolute",
                    "top": 0,
                    "transform": Array [
                      Object {
                        "translateX": 20,
                      },
                      Object {
                        "rotate": "0deg",
                      },
                      Object {
                        "translateX": -20,
                      },
                    ],
                    "width": 40,
                  }
                }
              />
            </View>
            <View
              style={
                Array [
                  Object {
                    "zIndex": 3,
                  },
                  Object {
                    "left": 0,
                    "position": "absolute",
                    "top": 0,
                  },
                  Object {
                    "height": 80,
                    "width": 40,
                  },
                ]
              }
            >
              <View
                style={
                  Object {
                    "backgroundColor": "#748b9f",
                    "borderBottomRightRadius": 0,
                    "borderRadius": 40,
                    "borderTopRightRadius": 0,
                    "height": 80,
                    "left": 0,
                    "overflow": "hidden",
                    "position": "absolute",
                    "top": 0,
                    "transform": Array [
                      Object {
                        "translateX": 20,
                      },
                      Object {
                        "rotate": "0deg",
                      },
                      Object {
                        "translateX": -20,
                      },
                    ],
                    "width": 40,
                  }
                }
              />
            </View>
            <View
              style={
                Array [
                  Object {
                    "zIndex": 2,
                  },
                  Object {
                    "left": 0,
                    "position": "absolute",
                    "top": 0,
                  },
                  Object {
                    "height": 80,
                    "width": 40,
                  },
                ]
              }
            >
              <View
                style={
                  Object {
                    "backgroundColor": "#B6D345",
                    "borderBottomRightRadius": 0,
                    "borderRadius": 40,
                    "borderTopRightRadius": 0,
                    "height": 80,
                    "left": 0,
                    "overflow": "hidden",
                    "position": "absolute",
                    "top": 0,
                    "transform": Array [
                      Object {
                        "translateX": 20,
                      },
                      Object {
                        "rotate": "0deg",
                      },
                      Object {
                        "translateX": -20,
                      },
                    ],
                    "width": 40,
                  }
                }
              />
            </View>
            <View
              style={
                Array [
                  Object {
                    "alignItems": "center",
                    "justifyContent": "center",
                    "overflow": "hidden",
                  },
                  Object {
                    "backgroundColor": "#333D46",
                    "borderRadius": 37,
                    "height": 74,
                    "width": 74,
                    "zIndex": 4,
                  },
                ]
              }
            />
          </View>
        </View>
      </View>
    </View>
    <View
      style={
        Object {
          "flex": 1,
          "flexDirection": "column",
          "justifyContent": "space-around",
          "paddingVertical": 20,
          "position": "relative",
        }
      }
    >
      <Text
        style={
          Object {
            "color": "#A2AAAF",
            "fontFamily": "FrutigerNextCondensedHeavy",
            "fontSize": 14.5,
          }
        }
      >
        Label
      </Text>
      <View
        style={
          Object {
            "alignItems": "center",
            "flexDirection": "row",
          }
        }
      >
        <Text
          style={
            Object {
              "color": "#FFFFFF",
              "fontFamily": "FrutigerNextCondensedHeavy",
              "fontSize": 25,
              "marginRight": 10,
            }
          }
        >
          Since 11:45
        </Text>
        <BVLinearGradient
          angle={120}
          angleCenter={
            Object {
              "x": 0,
              "y": 1,
            }
          }
          colors={
            Array [
              4288850607,
              4285825160,
            ]
          }
          endPoint={
            Object {
              "x": 0.5,
              "y": 1,
            }
          }
          locations={null}
          startPoint={
            Object {
              "x": 0.5,
              "y": 0,
            }
          }
          style={
            Array [
              Object {
                "alignItems": "center",
                "flex": 1,
                "flexDirection": "row",
                "justifyContent": "center",
              },
              Array [
                Object {
                  "alignItems": "center",
                  "flex": 0,
                  "justifyContent": "center",
                  "position": "relative",
                },
                Object {
                  "borderColor": "#74808899",
                },
                Object {
                  "borderRadius": 18,
                  "borderWidth": 3.5,
                  "height": 36,
                  "minWidth": 29,
                },
              ],
            ]
          }
          useAngle={true}
        >
          <Text
            style={
              Array [
                Object {
                  "color": "#FFFFFF",
                  "flex": 0,
                  "position": "relative",
                  "textAlign": "center",
                },
                Object {
                  "fontFamily": "FrutigerNextCondensedRegular",
                  "fontSize": 18,
                  "marginHorizontal": 7,
                  "minWidth": 14.5,
                },
              ]
            }
          >
            1
          </Text>
        </BVLinearGradient>
      </View>
      <View
        style={
          Object {
            "backgroundColor": "#748088",
            "bottom": -10,
            "height": 1,
            "position": "absolute",
            "width": "100%",
          }
        }
      />
    </View>
  </View>
</View>
`;
